// Jest Snapshot v1, https://goo.gl/fbAQLP

exports[`Pages - Login should render correctly 1`] = `[Function]`;
